Archive member included because of file (symbol)

c:/infineon/tools/dave ide/4.5.0.202105191637/eclipse/arm-gcc-49/bin/../lib/gcc/arm-none-eabi/4.9.3/armv6-m\libgcc.a(_aeabi_uldivmod.o)
                              ./Dave/Generated/TIMER/timer.o (__aeabi_uldivmod)
c:/infineon/tools/dave ide/4.5.0.202105191637/eclipse/arm-gcc-49/bin/../lib/gcc/arm-none-eabi/4.9.3/armv6-m\libgcc.a(_muldi3.o)
                              ./Dave/Generated/TIMER/timer.o (__aeabi_lmul)
c:/infineon/tools/dave ide/4.5.0.202105191637/eclipse/arm-gcc-49/bin/../lib/gcc/arm-none-eabi/4.9.3/armv6-m\libgcc.a(_fixunssfsi.o)
                              ./Libraries/XMCLib/src/xmc_usic.o (__aeabi_f2uiz)
c:/infineon/tools/dave ide/4.5.0.202105191637/eclipse/arm-gcc-49/bin/../lib/gcc/arm-none-eabi/4.9.3/armv6-m\libgcc.a(bpabi.o)
                              c:/infineon/tools/dave ide/4.5.0.202105191637/eclipse/arm-gcc-49/bin/../lib/gcc/arm-none-eabi/4.9.3/armv6-m\libgcc.a(_aeabi_uldivmod.o) (__gnu_uldivmod_helper)
c:/infineon/tools/dave ide/4.5.0.202105191637/eclipse/arm-gcc-49/bin/../lib/gcc/arm-none-eabi/4.9.3/armv6-m\libgcc.a(divsf3.o)
                              ./Libraries/XMCLib/src/xmc_usic.o (__aeabi_fdiv)
c:/infineon/tools/dave ide/4.5.0.202105191637/eclipse/arm-gcc-49/bin/../lib/gcc/arm-none-eabi/4.9.3/armv6-m\libgcc.a(mulsf3.o)
                              ./Libraries/XMCLib/src/xmc_usic.o (__aeabi_fmul)
c:/infineon/tools/dave ide/4.5.0.202105191637/eclipse/arm-gcc-49/bin/../lib/gcc/arm-none-eabi/4.9.3/armv6-m\libgcc.a(subsf3.o)
                              c:/infineon/tools/dave ide/4.5.0.202105191637/eclipse/arm-gcc-49/bin/../lib/gcc/arm-none-eabi/4.9.3/armv6-m\libgcc.a(_fixunssfsi.o) (__aeabi_fsub)
c:/infineon/tools/dave ide/4.5.0.202105191637/eclipse/arm-gcc-49/bin/../lib/gcc/arm-none-eabi/4.9.3/armv6-m\libgcc.a(fixsfsi.o)
                              c:/infineon/tools/dave ide/4.5.0.202105191637/eclipse/arm-gcc-49/bin/../lib/gcc/arm-none-eabi/4.9.3/armv6-m\libgcc.a(_fixunssfsi.o) (__aeabi_f2iz)
c:/infineon/tools/dave ide/4.5.0.202105191637/eclipse/arm-gcc-49/bin/../lib/gcc/arm-none-eabi/4.9.3/armv6-m\libgcc.a(floatunsisf.o)
                              ./Libraries/XMCLib/src/xmc_usic.o (__aeabi_ui2f)
c:/infineon/tools/dave ide/4.5.0.202105191637/eclipse/arm-gcc-49/bin/../lib/gcc/arm-none-eabi/4.9.3/armv6-m\libgcc.a(_dvmd_tls.o)
                              c:/infineon/tools/dave ide/4.5.0.202105191637/eclipse/arm-gcc-49/bin/../lib/gcc/arm-none-eabi/4.9.3/armv6-m\libgcc.a(_aeabi_uldivmod.o) (__aeabi_ldiv0)
c:/infineon/tools/dave ide/4.5.0.202105191637/eclipse/arm-gcc-49/bin/../lib/gcc/arm-none-eabi/4.9.3/armv6-m\libgcc.a(_arm_cmpsf2.o)
                              c:/infineon/tools/dave ide/4.5.0.202105191637/eclipse/arm-gcc-49/bin/../lib/gcc/arm-none-eabi/4.9.3/armv6-m\libgcc.a(_fixunssfsi.o) (__aeabi_fcmpge)
c:/infineon/tools/dave ide/4.5.0.202105191637/eclipse/arm-gcc-49/bin/../lib/gcc/arm-none-eabi/4.9.3/armv6-m\libgcc.a(_clzsi2.o)
                              c:/infineon/tools/dave ide/4.5.0.202105191637/eclipse/arm-gcc-49/bin/../lib/gcc/arm-none-eabi/4.9.3/armv6-m\libgcc.a(divsf3.o) (__clzsi2)
c:/infineon/tools/dave ide/4.5.0.202105191637/eclipse/arm-gcc-49/bin/../lib/gcc/arm-none-eabi/4.9.3/armv6-m\libgcc.a(_divdi3.o)
                              c:/infineon/tools/dave ide/4.5.0.202105191637/eclipse/arm-gcc-49/bin/../lib/gcc/arm-none-eabi/4.9.3/armv6-m\libgcc.a(bpabi.o) (__divdi3)
c:/infineon/tools/dave ide/4.5.0.202105191637/eclipse/arm-gcc-49/bin/../lib/gcc/arm-none-eabi/4.9.3/armv6-m\libgcc.a(_udivdi3.o)
                              c:/infineon/tools/dave ide/4.5.0.202105191637/eclipse/arm-gcc-49/bin/../lib/gcc/arm-none-eabi/4.9.3/armv6-m\libgcc.a(bpabi.o) (__udivdi3)
c:/infineon/tools/dave ide/4.5.0.202105191637/eclipse/arm-gcc-49/bin/../lib/gcc/arm-none-eabi/4.9.3/armv6-m\libgcc.a(eqsf2.o)
                              c:/infineon/tools/dave ide/4.5.0.202105191637/eclipse/arm-gcc-49/bin/../lib/gcc/arm-none-eabi/4.9.3/armv6-m\libgcc.a(_arm_cmpsf2.o) (__eqsf2)
c:/infineon/tools/dave ide/4.5.0.202105191637/eclipse/arm-gcc-49/bin/../lib/gcc/arm-none-eabi/4.9.3/armv6-m\libgcc.a(gesf2.o)
                              c:/infineon/tools/dave ide/4.5.0.202105191637/eclipse/arm-gcc-49/bin/../lib/gcc/arm-none-eabi/4.9.3/armv6-m\libgcc.a(_arm_cmpsf2.o) (__gesf2)
c:/infineon/tools/dave ide/4.5.0.202105191637/eclipse/arm-gcc-49/bin/../lib/gcc/arm-none-eabi/4.9.3/armv6-m\libgcc.a(lesf2.o)
                              c:/infineon/tools/dave ide/4.5.0.202105191637/eclipse/arm-gcc-49/bin/../lib/gcc/arm-none-eabi/4.9.3/armv6-m\libgcc.a(_arm_cmpsf2.o) (__lesf2)
c:/infineon/tools/dave ide/4.5.0.202105191637/eclipse/arm-gcc-49/bin/../lib/gcc/arm-none-eabi/4.9.3/armv6-m\libgcc.a(_clzdi2.o)
                              c:/infineon/tools/dave ide/4.5.0.202105191637/eclipse/arm-gcc-49/bin/../lib/gcc/arm-none-eabi/4.9.3/armv6-m\libgcc.a(_divdi3.o) (__clzdi2)
[...]
Memory Configuration

Name             Origin             Length             Attributes
FLASH            0x10001000         0x00032000         xr
SRAM             0x20000000         0x00004000         !xr
*default*        0x00000000         0xffffffff

Linker script and memory map

LOAD ./Startup/startup_XMC1400.o
LOAD ./Startup/system_XMC1400.o
LOAD ./Libraries/XMCLib/src/xmc1_eru.o
LOAD ./Libraries/XMCLib/src/xmc1_flash.o
LOAD ./Libraries/XMCLib/src/xmc1_gpio.o
LOAD ./Libraries/XMCLib/src/xmc1_rtc.o
LOAD ./Libraries/XMCLib/src/xmc1_scu.o
LOAD ./Libraries/XMCLib/src/xmc_acmp.o
LOAD ./Libraries/XMCLib/src/xmc_bccu.o
LOAD ./Libraries/XMCLib/src/xmc_can.o
LOAD ./Libraries/XMCLib/src/xmc_ccu4.o
LOAD ./Libraries/XMCLib/src/xmc_ccu8.o
LOAD ./Libraries/XMCLib/src/xmc_common.o
LOAD ./Libraries/XMCLib/src/xmc_eru.o
LOAD ./Libraries/XMCLib/src/xmc_gpio.o
LOAD ./Libraries/XMCLib/src/xmc_i2c.o
LOAD ./Libraries/XMCLib/src/xmc_i2s.o
LOAD ./Libraries/XMCLib/src/xmc_ledts.o
LOAD ./Libraries/XMCLib/src/xmc_math.o
LOAD ./Libraries/XMCLib/src/xmc_pau.o
LOAD ./Libraries/XMCLib/src/xmc_posif.o
LOAD ./Libraries/XMCLib/src/xmc_prng.o
LOAD ./Libraries/XMCLib/src/xmc_rtc.o
LOAD ./Libraries/XMCLib/src/xmc_spi.o
LOAD ./Libraries/XMCLib/src/xmc_uart.o
LOAD ./Libraries/XMCLib/src/xmc_usic.o
LOAD ./Libraries/XMCLib/src/xmc_vadc.o
LOAD ./Libraries/XMCLib/src/xmc_wdt.o
LOAD ./Libraries/Newlib/syscalls.o
LOAD ./Dave/Generated/UART/uart.o
LOAD ./Dave/Generated/UART/uart_conf.o
LOAD ./Dave/Generated/TIMER/timer.o
LOAD ./Dave/Generated/TIMER/timer_conf.o
LOAD ./Dave/Generated/INTERRUPT/interrupt.o
LOAD ./Dave/Generated/INTERRUPT/interrupt_conf.o
LOAD ./Dave/Generated/GLOBAL_CCU4/global_ccu4.o
LOAD ./Dave/Generated/GLOBAL_CCU4/global_ccu4_conf.o
LOAD ./Dave/Generated/DIGITAL_IO/digital_io.o
LOAD ./Dave/Generated/DIGITAL_IO/digital_io_conf.o
LOAD ./Dave/Generated/CPU_CTRL_XMC1/cpu_ctrl_xmc1.o
LOAD ./Dave/Generated/CPU_CTRL_XMC1/cpu_ctrl_xmc1_conf.o
LOAD ./Dave/Generated/CLOCK_XMC1/clock_xmc1.o
LOAD ./Dave/Generated/CLOCK_XMC1/clock_xmc1_conf.o
LOAD ./Dave/Generated/DAVE.o
LOAD ./main.o
LOAD c:/infineon/tools/dave ide/4.5.0.202105191637/eclipse/arm-gcc-49/bin/../lib/gcc/arm-none-eabi/4.9.3/../../../../arm-none-eabi/lib/armv6-m\libm.a
START GROUP
LOAD c:/infineon/tools/dave ide/4.5.0.202105191637/eclipse/arm-gcc-49/bin/../lib/gcc/arm-none-eabi/4.9.3/armv6-m\libgcc.a
LOAD c:/infineon/tools/dave ide/4.5.0.202105191637/eclipse/arm-gcc-49/bin/../lib/gcc/arm-none-eabi/4.9.3/../../../../arm-none-eabi/lib/armv6-m\libg_nano.a
LOAD c:/infineon/tools/dave ide/4.5.0.202105191637/eclipse/arm-gcc-49/bin/../lib/gcc/arm-none-eabi/4.9.3/../../../../arm-none-eabi/lib/armv6-m\libc_nano.a
END GROUP
START GROUP
LOAD c:/infineon/tools/dave ide/4.5.0.202105191637/eclipse/arm-gcc-49/bin/../lib/gcc/arm-none-eabi/4.9.3/armv6-m\libgcc.a
LOAD c:/infineon/tools/dave ide/4.5.0.202105191637/eclipse/arm-gcc-49/bin/../lib/gcc/arm-none-eabi/4.9.3/../../../../arm-none-eabi/lib/armv6-m\libc_nano.a
LOAD c:/infineon/tools/dave ide/4.5.0.202105191637/eclipse/arm-gcc-49/bin/../lib/gcc/arm-none-eabi/4.9.3/../../../../arm-none-eabi/lib/armv6-m\libnosys.a
END GROUP
START GROUP
LOAD c:/infineon/tools/dave ide/4.5.0.202105191637/eclipse/arm-gcc-49/bin/../lib/gcc/arm-none-eabi/4.9.3/armv6-m\libgcc.a
LOAD c:/infineon/tools/dave ide/4.5.0.202105191637/eclipse/arm-gcc-49/bin/../lib/gcc/arm-none-eabi/4.9.3/../../../../arm-none-eabi/lib/armv6-m\libc_nano.a
LOAD c:/infineon/tools/dave ide/4.5.0.202105191637/eclipse/arm-gcc-49/bin/../lib/gcc/arm-none-eabi/4.9.3/../../../../arm-none-eabi/lib/armv6-m\libnosys.a
END GROUP
                0x00000400                stack_size = DEFINED (stack_size)?stack_size:0x400
                0x00000004                no_init_size = 0x4

.text           0x10001000     0x1ae0
                0x10001000                sText = .
 *(.reset)
 .reset         0x10001000       0xa0 ./Startup/startup_XMC1400.o
                0x10001000                __Vectors
                0x1000101c                Reset_Handler
                0x1000109c                SysTick_Handler
                0x1000109c                IRQ0_Handler
                0x1000109c                IRQ5_Handler
                0x1000109c                PendSV_Handler
                0x1000109c                IRQ16_Handler
                0x1000109c                HardFault_Handler
                0x1000109c                IRQ25_Handler
                0x1000109c                IRQ23_Handler
                0x1000109c                IRQ22_Handler
                0x1000109c                IRQ29_Handler
                0x1000109c                IRQ20_Handler
                0x1000109c                IRQ13_Handler
                0x1000109c                IRQ4_Handler
                0x1000109c                IRQ30_Handler
                0x1000109c                IRQ21_Handler
                0x1000109c                IRQ31_Handler
                0x1000109c                IRQ28_Handler
                0x1000109c                IRQ2_Handler
                0x1000109c                IRQ10_Handler
                0x1000109c                IRQ24_Handler
                0x1000109c                SVC_Handler
                0x1000109c                IRQ1_Handler
                0x1000109c                IRQ19_Handler
                0x1000109c                IRQ6_Handler
                0x1000109c                IRQ15_Handler
                0x1000109c                IRQ18_Handler
                0x1000109c                IRQ11_Handler
                0x1000109c                IRQ14_Handler
                0x1000109c                IRQ9_Handler
                0x1000109c                IRQ7_Handler
                0x1000109c                IRQ12_Handler
                0x1000109c                IRQ8_Handler
                0x1000109c                IRQ3_Handler
                0x1000109c                IRQ27_Handler
                0x1000109c                IRQ26_Handler
                0x1000109c                IRQ17_Handler
 *(.text .text.* .gnu.linkonce.t.*)
 .text.SystemInit
                0x100010a0       0x10 ./Startup/system_XMC1400.o
                0x100010a0                SystemInit
 .text.SystemCoreClockUpdate
                0x100010b0       0xc8 ./Startup/system_XMC1400.o
                0x100010b0                SystemCoreClockUpdate
 .text.OSCHP_GetFrequency
                0x10001178       0x10 ./Startup/system_XMC1400.o
                0x10001178                OSCHP_GetFrequency
 .text.XMC_GPIO_Init
                0x10001188      0x17c ./Libraries/XMCLib/src/xmc1_gpio.o
                0x10001188                XMC_GPIO_Init
 .text.XMC_SCU_LockProtectedBits
                0x10001304       0x14 ./Libraries/XMCLib/src/xmc1_scu.o
                0x10001304                XMC_SCU_LockProtectedBits
 .text.XMC_SCU_UnlockProtectedBits
                0x10001318       0x20 ./Libraries/XMCLib/src/xmc1_scu.o
                0x10001318                XMC_SCU_UnlockProtectedBits
 .text.XMC_SCU_CLOCK_Init
                0x10001338      0x168 ./Libraries/XMCLib/src/xmc1_scu.o
                0x10001338                XMC_SCU_CLOCK_Init
 .text.XMC_SCU_CLOCK_UngatePeripheralClock
                0x100014a0       0x34 ./Libraries/XMCLib/src/xmc1_scu.o
                0x100014a0                XMC_SCU_CLOCK_UngatePeripheralClock
 .text.XMC_SCU_CLOCK_IsPeripheralClockGated
                0x100014d4       0x24 ./Libraries/XMCLib/src/xmc1_scu.o
                0x100014d4                XMC_SCU_CLOCK_IsPeripheralClockGated
 .text.XMC_SCU_CLOCK_ScaleMCLKFrequency
                0x100014f8       0xbc ./Libraries/XMCLib/src/xmc1_scu.o
                0x100014f8                XMC_SCU_CLOCK_ScaleMCLKFrequency
 .text.XMC_SCU_CLOCK_lFrequencyUpScaling
                0x100015b4       0x54 ./Libraries/XMCLib/src/xmc1_scu.o
 .text.XMC_SCU_CLOCK_lFrequencyDownScaling
                0x10001608       0x5c ./Libraries/XMCLib/src/xmc1_scu.o
 .text.XMC_SCU_CLOCK_GetPeripheralClockFrequency
                0x10001664       0x14 ./Libraries/XMCLib/src/xmc1_scu.o
                0x10001664                XMC_SCU_CLOCK_GetPeripheralClockFrequency
 .text.XMC_SCU_SetInterruptControl
                0x10001678       0x8c ./Libraries/XMCLib/src/xmc1_scu.o
                0x10001678                XMC_SCU_SetInterruptControl
 .text.XMC_CCU4_StartPrescaler
                0x10001704       0x18 ./Libraries/XMCLib/src/xmc_ccu4.o
 .text.XMC_CCU4_lUngateClock
                0x1000171c       0x38 ./Libraries/XMCLib/src/xmc_ccu4.o
 .text.XMC_CCU4_EnableModule
                0x10001754       0x18 ./Libraries/XMCLib/src/xmc_ccu4.o
                0x10001754                XMC_CCU4_EnableModule
 .text.XMC_CCU4_Init
                0x1000176c       0x48 ./Libraries/XMCLib/src/xmc_ccu4.o
                0x1000176c                XMC_CCU4_Init
 .text.XMC_CCU4_SLICE_CompareInit
                0x100017b4       0x68 ./Libraries/XMCLib/src/xmc_ccu4.o
                0x100017b4                XMC_CCU4_SLICE_CompareInit
 .text.XMC_CCU4_SLICE_SetInterruptNode
                0x1000181c       0xa8 ./Libraries/XMCLib/src/xmc_ccu4.o
                0x1000181c                XMC_CCU4_SLICE_SetInterruptNode
 .text.XMC_GPIO_SetHardwareControl
                0x100018c4       0x4c ./Libraries/XMCLib/src/xmc_gpio.o
                0x100018c4                XMC_GPIO_SetHardwareControl
 .text.__aeabi_uidiv
                0x10001910       0x50 ./Libraries/XMCLib/src/xmc_math.o
                0x10001910                __aeabi_uidiv
 .text.__aeabi_idiv
                0x10001960       0x50 ./Libraries/XMCLib/src/xmc_math.o
                0x10001960                __aeabi_idiv
 .text.XMC_USIC_CH_GetTransmitBufferStatus
                0x100019b0       0x1c ./Libraries/XMCLib/src/xmc_uart.o
 .text.XMC_UART_CH_ClearStatusFlag
                0x100019cc       0x18 ./Libraries/XMCLib/src/xmc_uart.o
 .text.XMC_UART_CH_InitEx
                0x100019e4       0xdc ./Libraries/XMCLib/src/xmc_uart.o
                0x100019e4                XMC_UART_CH_InitEx
 .text.XMC_UART_CH_Transmit
                0x10001ac0       0x5c ./Libraries/XMCLib/src/xmc_uart.o
                0x10001ac0                XMC_UART_CH_Transmit
 .text.XMC_USIC_CH_Enable
                0x10001b1c       0x78 ./Libraries/XMCLib/src/xmc_usic.o
                0x10001b1c                XMC_USIC_CH_Enable
 .text.XMC_USIC_CH_SetBaudrate
                0x10001b94       0xf4 ./Libraries/XMCLib/src/xmc_usic.o
                0x10001b94                XMC_USIC_CH_SetBaudrate
 .text.XMC_USIC_CH_SetBaudrateEx
                0x10001c88      0x10c ./Libraries/XMCLib/src/xmc_usic.o
                0x10001c88                XMC_USIC_CH_SetBaudrateEx
 .text.XMC_USIC_CH_TXFIFO_Configure
                0x10001d94       0x5c ./Libraries/XMCLib/src/xmc_usic.o
                0x10001d94                XMC_USIC_CH_TXFIFO_Configure
 .text.XMC_USIC_CH_RXFIFO_Configure
                0x10001df0       0x64 ./Libraries/XMCLib/src/xmc_usic.o
                0x10001df0                XMC_USIC_CH_RXFIFO_Configure
 .text.XMC_USIC_CH_SetInterruptNodePointer
                0x10001e54       0x40 ./Libraries/XMCLib/src/xmc_usic.o
                0x10001e54                XMC_USIC_CH_SetInterruptNodePointer
 .text.XMC_USIC_Enable
                0x10001e94       0x54 ./Libraries/XMCLib/src/xmc_usic.o
                0x10001e94                XMC_USIC_Enable
 .text._init    0x10001ee8        0x8 ./Libraries/Newlib/syscalls.o
                0x10001ee8                _init
 .text.XMC_USIC_CH_TXFIFO_Flush
                0x10001ef0       0x1c ./Dave/Generated/UART/uart.o
 .text.XMC_USIC_CH_TXFIFO_IsFull
                0x10001f0c       0x24 ./Dave/Generated/UART/uart.o
 .text.XMC_USIC_CH_TXFIFO_IsEmpty
                0x10001f30       0x24 ./Dave/Generated/UART/uart.o
 .text.UART_Init
                0x10001f54       0x30 ./Dave/Generated/UART/uart.o
                0x10001f54                UART_Init
 .text.UART_Transmit
                0x10001f84       0x4c ./Dave/Generated/UART/uart.o
                0x10001f84                UART_Transmit
 .text.UART_lStartTransmitPolling
                0x10001fd0       0xe4 ./Dave/Generated/UART/uart.o
 .text.XMC_USIC_CH_SetInputSource
                0x100020b4       0x48 ./Dave/Generated/UART/uart_conf.o
 .text.XMC_UART_CH_Init
                0x100020fc       0x20 ./Dave/Generated/UART/uart_conf.o
 .text.XMC_UART_CH_Start
                0x1000211c       0x20 ./Dave/Generated/UART/uart_conf.o
 .text.UART_0_init
                0x1000213c       0xa8 ./Dave/Generated/UART/uart_conf.o
                0x1000213c                UART_0_init
 .text.XMC_CCU4_EnableClock
                0x100021e4       0x20 ./Dave/Generated/TIMER/timer.o
 .text.XMC_CCU4_SLICE_StartTimer
                0x10002204       0x14 ./Dave/Generated/TIMER/timer.o
 .text.XMC_CCU4_SLICE_ClearTimer
                0x10002218       0x14 ./Dave/Generated/TIMER/timer.o
 .text.XMC_CCU4_SLICE_SetTimerPeriodMatch
                0x1000222c       0x1c ./Dave/Generated/TIMER/timer.o
 .text.XMC_CCU4_SLICE_SetTimerCompareMatch
                0x10002248       0x1c ./Dave/Generated/TIMER/timer.o
 .text.XMC_CCU4_EnableShadowTransfer
                0x10002264       0x18 ./Dave/Generated/TIMER/timer.o
 .text.XMC_CCU4_SLICE_EnableEvent
                0x1000227c       0x2c ./Dave/Generated/TIMER/timer.o
 .text.TIMER_Init
                0x100022a8       0x48 ./Dave/Generated/TIMER/timer.o
                0x100022a8                TIMER_Init
 .text.TIMER_CCU4_lInit
                0x100022f0       0xa4 ./Dave/Generated/TIMER/timer.o
                0x100022f0                TIMER_CCU4_lInit
 .text.TIMER_CCU4_lShadowTransfer
                0x10002394       0x3c ./Dave/Generated/TIMER/timer.o
                0x10002394                TIMER_CCU4_lShadowTransfer
 .text.__NVIC_EnableIRQ
                0x100023d0       0x34 ./Dave/Generated/INTERRUPT/interrupt.o
 .text.__NVIC_SetPriority
                0x10002404       0xd4 ./Dave/Generated/INTERRUPT/interrupt.o
 .text.INTERRUPT_Enable
                0x100024d8       0x1c ./Dave/Generated/INTERRUPT/interrupt.o
 .text.INTERRUPT_Init
                0x100024f4       0x58 ./Dave/Generated/INTERRUPT/interrupt.o
                0x100024f4                INTERRUPT_Init
 .text.XMC_CCU4_StartPrescaler
                0x1000254c       0x18 ./Dave/Generated/GLOBAL_CCU4/global_ccu4.o
 .text.GLOBAL_CCU4_Init
                0x10002564       0x40 ./Dave/Generated/GLOBAL_CCU4/global_ccu4.o
                0x10002564                GLOBAL_CCU4_Init
 .text.DIGITAL_IO_Init
                0x100025a4       0x40 ./Dave/Generated/DIGITAL_IO/digital_io.o
                0x100025a4                DIGITAL_IO_Init
 .text.SystemCoreSetup
                0x100025e4       0x18 ./Dave/Generated/CPU_CTRL_XMC1/cpu_ctrl_xmc1_conf.o
                0x100025e4                SystemCoreSetup
 .text.CLOCK_XMC1_Init
                0x100025fc       0x84 ./Dave/Generated/CLOCK_XMC1/clock_xmc1.o
                0x100025fc                CLOCK_XMC1_Init
 .text.SystemCoreClockSetup
                0x10002680       0x24 ./Dave/Generated/CLOCK_XMC1/clock_xmc1_conf.o
                0x10002680                SystemCoreClockSetup
 .text.DAVE_Init
                0x100026a4      0x148 ./Dave/Generated/DAVE.o
                0x100026a4                DAVE_Init
 .text.XMC_GPIO_ToggleOutput
                0x100027ec       0x24 ./main.o
 .text.XMC_GPIO_GetInput
                0x10002810       0x28 ./main.o
 .text.DIGITAL_IO_ToggleOutput
                0x10002838       0x20 ./main.o
 .text.DIGITAL_IO_GetInput
                0x10002858       0x24 ./main.o
 .text.main     0x1000287c      0x100 ./main.o
                0x1000287c                main
 .text.__libc_init_array
                0x1000297c       0x4c c:/infineon/tools/dave ide/4.5.0.202105191637/eclipse/arm-gcc-49/bin/../lib/gcc/arm-none-eabi/4.9.3/../../../../arm-none-eabi/lib/armv6-m\libg_nano.a(lib_a-init.o)
                0x1000297c                __libc_init_array
 *(.init)
 *(.fini)
 *crtbegin.o(.ctors)
 *crtbegin?.o(.ctors)
 *(EXCLUDE_FILE(*crtend.o *crtend?.o) .ctors)
 *(SORT(.ctors.*))
 *(.ctors)
 *crtbegin.o(.dtors)
 *crtbegin?.o(.dtors)
 *(EXCLUDE_FILE(*crtend.o *crtend?.o) .dtors)
 *(SORT(.dtors.*))
 *(.dtors)
 *(.rodata .rodata.*)
 .rodata.XMC_CCU4_SLICE_SetInterruptNode
                0x100029c8       0x30 ./Libraries/XMCLib/src/xmc_ccu4.o
 .rodata.UART_0_channel_config
                0x100029f8        0xc ./Dave/Generated/UART/uart_conf.o
                0x100029f8                UART_0_channel_config
 .rodata.UART_0_tx_pin_config
                0x10002a04        0x8 ./Dave/Generated/UART/uart_conf.o
                0x10002a04                UART_0_tx_pin_config
 .rodata.UART_0_tx_pin
                0x10002a0c        0xc ./Dave/Generated/UART/uart_conf.o
                0x10002a0c                UART_0_tx_pin
 .rodata.UART_0_config
                0x10002a18       0x28 ./Dave/Generated/UART/uart_conf.o
                0x10002a18                UART_0_config
 .rodata.UART_0_rx_pin_config
                0x10002a40        0x8 ./Dave/Generated/UART/uart_conf.o
                0x10002a40                UART_0_rx_pin_config
 .rodata.INTERRUPT_0
                0x10002a48        0x8 ./Dave/Generated/INTERRUPT/interrupt_conf.o
                0x10002a48                INTERRUPT_0
 .rodata.DIGITAL_IO_0
                0x10002a50       0x10 ./Dave/Generated/DIGITAL_IO/digital_io_conf.o
                0x10002a50                DIGITAL_IO_0
 .rodata.DIGITAL_IO_1
                0x10002a60       0x10 ./Dave/Generated/DIGITAL_IO/digital_io_conf.o
                0x10002a60                DIGITAL_IO_1
 .rodata.DIGITAL_IO_2
                0x10002a70       0x10 ./Dave/Generated/DIGITAL_IO/digital_io_conf.o
                0x10002a70                DIGITAL_IO_2
 .rodata.DIGITAL_IO_3
                0x10002a80       0x10 ./Dave/Generated/DIGITAL_IO/digital_io_conf.o
                0x10002a80                DIGITAL_IO_3
 .rodata.DIGITAL_IO_4
                0x10002a90       0x10 ./Dave/Generated/DIGITAL_IO/digital_io_conf.o
                0x10002a90                DIGITAL_IO_4
 .rodata.DIGITAL_IO_5
                0x10002aa0       0x10 ./Dave/Generated/DIGITAL_IO/digital_io_conf.o
                0x10002aa0                DIGITAL_IO_5
 .rodata.DIGITAL_IO_6
                0x10002ab0       0x10 ./Dave/Generated/DIGITAL_IO/digital_io_conf.o
                0x10002ab0                DIGITAL_IO_6
 .rodata.DIGITAL_IO_7
                0x10002ac0       0x10 ./Dave/Generated/DIGITAL_IO/digital_io_conf.o
                0x10002ac0                DIGITAL_IO_7
 .rodata        0x10002ad0       0x10 ./Dave/Generated/CLOCK_XMC1/clock_xmc1_conf.o
 *(.gnu.linkonce.r*)
 *(vtable)
                0x10002ae0                . = ALIGN (0x4)

.glue_7         0x10002ae0        0x0
 .glue_7        0x00000000        0x0 linker stubs

.glue_7t        0x10002ae0        0x0
 .glue_7t       0x00000000        0x0 linker stubs

.vfp11_veneer   0x10002ae0        0x0
 .vfp11_veneer  0x00000000        0x0 linker stubs

.v4_bx          0x10002ae0        0x0
 .v4_bx         0x00000000        0x0 linker stubs

.iplt           0x10002ae0        0x0
 .iplt          0x00000000        0x0 ./Startup/startup_XMC1400.o

.eh_frame_hdr
 *(.eh_frame_hdr)

.eh_frame
 *(.eh_frame)

.ARM.extab
 *(.ARM.extab* .gnu.linkonce.armextab.*)
                0x10002ae0                . = ALIGN (0x4)
                0x10002ae0                __exidx_start = .

.ARM.exidx
 *(.ARM.exidx* .gnu.linkonce.armexidx.*)
                0x10002ae0                __exidx_end = .
                0x10002ae0                . = ALIGN (0x4)

.VENEER_Code    0x2000000c      0x144 load address 0x10002ae0
                0x2000000c                . = ALIGN (0x4)
                0x2000000c                VeneerStart = .
 *(.XmcVeneerCode)
 .XmcVeneerCode
                0x2000000c      0x144 ./Startup/startup_XMC1400.o
                0x2000000c                HardFault_Veener
                0x2000002c                SVC_Veener
                0x20000038                PendSV_Veener
                0x2000003c                SysTick_Veener
                0x20000040                IRQ0_Veener
                0x20000044                IRQ1_Veener
                0x20000048                IRQ2_Veener
                0x2000004c                IRQ3_Veener
                0x20000050                IRQ4_Veener
                0x20000054                IRQ5_Veener
                0x20000058                IRQ6_Veener
                0x2000005c                IRQ7_Veener
                0x20000060                IRQ8_Veener
                0x20000064                IRQ9_Veener
                0x20000068                IRQ10_Veener
                0x2000006c                IRQ11_Veener
                0x20000070                IRQ12_Veener
                0x20000074                IRQ13_Veener
                0x20000078                IRQ14_Veener
                0x2000007c                IRQ15_Veener
                0x20000080                IRQ16_Veener
                0x20000084                IRQ17_Veener
                0x20000088                IRQ18_Veener
                0x2000008c                IRQ19_Veener
                0x20000090                IRQ20_Veener
                0x20000094                IRQ21_Veener
                0x20000098                IRQ22_Veener
                0x2000009c                IRQ23_Veener
                0x200000a0                IRQ24_Veener
                0x200000a4                IRQ25_Veener
                0x200000a8                IRQ26_Veener
                0x200000ac                IRQ27_Veener
                0x200000b0                IRQ28_Veener
                0x200000b4                IRQ29_Veener
                0x200000b8                IRQ30_Veener
                0x200000bc                IRQ31_Veener
                0x20000150                . = ALIGN (0x4)
                0x20000150                VeneerEnd = .
                0x10002ae0                eROData = LOADADDR (.VENEER_Code)
                0x00000144                VeneerSize = (ABSOLUTE (VeneerEnd) - ABSOLUTE (VeneerStart))

.rel.dyn        0x20000150        0x0 load address 0x10002c24
 .rel.iplt      0x00000000        0x0 ./Startup/startup_XMC1400.o

Stack           0x20000150      0x400 load address 0x00000000
                0x20000150                . = ALIGN (0x8)
                0x20000550                . = (. + stack_size)
 *fill*         0x20000150      0x400 
                0x20000550                __initial_sp = .

.data           0x20000550       0x4c load address 0x10002c24
                0x20000550                . = ALIGN (0x4)
                0x20000550                __data_start = .
 *(.data)
 *(.data*)
 .data.UART_0   0x20000550        0xc ./Dave/Generated/UART/uart_conf.o
                0x20000550                UART_0
 .data.TIMER_0_config
                0x2000055c        0x8 ./Dave/Generated/TIMER/timer_conf.o
                0x2000055c                TIMER_0_config
 .data.TIMER_0  0x20000564       0x28 ./Dave/Generated/TIMER/timer_conf.o
                0x20000564                TIMER_0
 .data.GLOBAL_CCU4_0
                0x2000058c       0x10 ./Dave/Generated/GLOBAL_CCU4/global_ccu4_conf.o
                0x2000058c                GLOBAL_CCU4_0
 *(*.data)
 *(.gnu.linkonce.d*)
                0x2000059c                . = ALIGN (0x4)
                0x2000059c                PROVIDE (__preinit_array_start, .)
 *(.preinit_array)
                0x2000059c                PROVIDE (__preinit_array_end, .)
                0x2000059c                . = ALIGN (0x4)
                0x2000059c                PROVIDE (__init_array_start, .)
 *(SORT(.init_array.*))
 *(.init_array)
                0x2000059c                PROVIDE (__init_array_end, .)
                0x2000059c                . = ALIGN (0x4)
                0x2000059c                PROVIDE (__fini_array_start, .)
 *(SORT(.fini_array.*))
 *(.fini_array)
                0x2000059c                PROVIDE (__fini_array_end, .)
                0x2000059c                . = ALIGN (0x4)
                0x2000059c                __data_end = .
                0x10002c24                DataLoadAddr = LOADADDR (.data)
                0x0000004c                __data_size = (__data_end - __data_start)

.igot.plt       0x2000059c        0x0 load address 0x10002c70
 .igot.plt      0x00000000        0x0 ./Startup/startup_XMC1400.o

.ram_code       0x2000059c        0x0 load address 0x10002c70
                0x2000059c                . = ALIGN (0x4)
                0x2000059c                __ram_code_start = .
 *(.ram_code)
                0x2000059c                . = ALIGN (0x4)
                0x2000059c                __ram_code_end = .
                0x10002c70                __ram_code_load = LOADADDR (.ram_code)
                0x00000000                __ram_code_size = (__ram_code_end - __ram_code_start)
                0x00001c70                __text_size = ((((__exidx_end - sText) + VeneerSize) + __data_size) + __ram_code_size)
                0x10002c70                eText = (sText + __text_size)

.bss            0x2000059c       0x34 load address 0x10002c70
                0x2000059c                . = ALIGN (0x4)
                0x2000059c                __bss_start = .
 *(.bss)
 *(.bss*)
 .bss.IDIV.5134
                0x2000059c        0x4 ./Startup/system_XMC1400.o
 .bss.FDIV.5135
                0x200005a0        0x4 ./Startup/system_XMC1400.o
 .bss.UART_0_runtime
                0x200005a4       0x1c ./Dave/Generated/UART/uart_conf.o
                0x200005a4                UART_0_runtime
 .bss.CLOCK_XMC1_0
                0x200005c0        0x4 ./Dave/Generated/CLOCK_XMC1/clock_xmc1_conf.o
                0x200005c0                CLOCK_XMC1_0
 .bss.ledMode   0x200005c4        0x1 ./main.o
                0x200005c4                ledMode
 .bss.buttonState
                0x200005c5        0x1 ./main.o
                0x200005c5                buttonState
 *fill*         0x200005c6        0x2 
 .bss.uart_data_arr
                0x200005c8        0x8 ./main.o
                0x200005c8                uart_data_arr
 *(COMMON)
 *(.gnu.linkonce.b*)
                0x200005d0                . = ALIGN (0x4)
                0x200005d0                __bss_end = .
                0x200005d0                . = ALIGN (0x8)
                0x200005d0                Heap_Bank1_Start = .
                0x00000034                __bss_size = (__bss_end - __bss_start)

.no_init        0x20003ffc        0x4 load address 0x00003eac
                0x20003ffc                Heap_Bank1_End = .
 *(.no_init)
 .no_init       0x20003ffc        0x4 ./Startup/system_XMC1400.o
                0x20003ffc                SystemCoreClock
                0x00003a2c                Heap_Bank1_Size = (Heap_Bank1_End - Heap_Bank1_Start)
                0x00000001                ASSERT ((Heap_Bank1_Start <= Heap_Bank1_End), region SRAM overflowed no_init section)

/DISCARD/
 *(.comment)

.stab
 *(.stab)

.stabstr
 *(.stabstr)

.debug
 *(.debug)

.line
 *(.line)

.debug_srcinfo
 *(.debug_srcinfo)

.debug_sfnames
 *(.debug_sfnames)

.debug_aranges  0x00000000      0x910
 *(.debug_aranges)
 .debug_aranges
                0x00000000       0x28 ./Startup/startup_XMC1400.o
 .debug_aranges
                0x00000028       0x40 ./Startup/system_XMC1400.o
 .debug_aranges
                0x00000068       0x28 ./Libraries/XMCLib/src/xmc1_gpio.o
 .debug_aranges
                0x00000090      0x160 ./Libraries/XMCLib/src/xmc1_scu.o
 .debug_aranges
                0x000001f0      0x128 ./Libraries/XMCLib/src/xmc_ccu4.o
 .debug_aranges
                0x00000318       0x28 ./Libraries/XMCLib/src/xmc_gpio.o
 .debug_aranges
                0x00000340       0xf0 ./Libraries/XMCLib/src/xmc_math.o
 .debug_aranges
                0x00000430       0x78 ./Libraries/XMCLib/src/xmc_uart.o
 .debug_aranges
                0x000004a8       0xb8 ./Libraries/XMCLib/src/xmc_usic.o
 .debug_aranges
                0x00000560       0x28 ./Libraries/Newlib/syscalls.o
 .debug_aranges
                0x00000588       0x98 ./Dave/Generated/UART/uart.o
 .debug_aranges
                0x00000620       0x38 ./Dave/Generated/UART/uart_conf.o
 .debug_aranges
                0x00000658       0xd8 ./Dave/Generated/TIMER/timer.o
 .debug_aranges
                0x00000730       0x18 ./Dave/Generated/TIMER/timer_conf.o
 .debug_aranges
                0x00000748       0x40 ./Dave/Generated/INTERRUPT/interrupt.o
 .debug_aranges
                0x00000788       0x18 ./Dave/Generated/INTERRUPT/interrupt_conf.o
 .debug_aranges
                0x000007a0       0x30 ./Dave/Generated/GLOBAL_CCU4/global_ccu4.o
 .debug_aranges
                0x000007d0       0x18 ./Dave/Generated/GLOBAL_CCU4/global_ccu4_conf.o
 .debug_aranges
                0x000007e8       0x28 ./Dave/Generated/DIGITAL_IO/digital_io.o
 .debug_aranges
                0x00000810       0x18 ./Dave/Generated/DIGITAL_IO/digital_io_conf.o
 .debug_aranges
                0x00000828       0x20 ./Dave/Generated/CPU_CTRL_XMC1/cpu_ctrl_xmc1_conf.o
 .debug_aranges
                0x00000848       0x30 ./Dave/Generated/CLOCK_XMC1/clock_xmc1.o
 .debug_aranges
                0x00000878       0x20 ./Dave/Generated/CLOCK_XMC1/clock_xmc1_conf.o
 .debug_aranges
                0x00000898       0x20 ./Dave/Generated/DAVE.o
 .debug_aranges
                0x000008b8       0x58 ./main.o

.debug_pubnames
 *(.debug_pubnames)

.debug_pubtypes
 *(.debug_pubtypes)

.debug_info     0x00000000     0xeb7e
 *(.debug_info .gnu.linkonce.wi.*)
 .debug_info    0x00000000       0xa1 ./Startup/startup_XMC1400.o
 .debug_info    0x000000a1      0x617 ./Startup/system_XMC1400.o
 .debug_info    0x000006b8      0x4f1 ./Libraries/XMCLib/src/xmc1_gpio.o
 .debug_info    0x00000ba9     0x15df ./Libraries/XMCLib/src/xmc1_scu.o
 .debug_info    0x00002188     0x15e9 ./Libraries/XMCLib/src/xmc_ccu4.o
 .debug_info    0x00003771      0x484 ./Libraries/XMCLib/src/xmc_gpio.o
 .debug_info    0x00003bf5      0xd46 ./Libraries/XMCLib/src/xmc_math.o
 .debug_info    0x0000493b      0x9a9 ./Libraries/XMCLib/src/xmc_uart.o
 .debug_info    0x000052e4      0xe34 ./Libraries/XMCLib/src/xmc_usic.o
 .debug_info    0x00006118      0x11f ./Libraries/Newlib/syscalls.o
 .debug_info    0x00006237     0x11f0 ./Dave/Generated/UART/uart.o
 .debug_info    0x00007427      0xd7b ./Dave/Generated/UART/uart_conf.o
 .debug_info    0x000081a2      0xe46 ./Dave/Generated/TIMER/timer.o
 .debug_info    0x00008fe8      0x8ef ./Dave/Generated/TIMER/timer_conf.o
 .debug_info    0x000098d7      0x9aa ./Dave/Generated/INTERRUPT/interrupt.o
 .debug_info    0x0000a281      0x67b ./Dave/Generated/INTERRUPT/interrupt_conf.o
 .debug_info    0x0000a8fc      0x407 ./Dave/Generated/GLOBAL_CCU4/global_ccu4.o
 .debug_info    0x0000ad03      0x307 ./Dave/Generated/GLOBAL_CCU4/global_ccu4_conf.o
 .debug_info    0x0000b00a      0x5a6 ./Dave/Generated/DIGITAL_IO/digital_io.o
 .debug_info    0x0000b5b0      0x55f ./Dave/Generated/DIGITAL_IO/digital_io_conf.o
 .debug_info    0x0000bb0f      0x34b ./Dave/Generated/CPU_CTRL_XMC1/cpu_ctrl_xmc1_conf.o
 .debug_info    0x0000be5a      0x2d2 ./Dave/Generated/CLOCK_XMC1/clock_xmc1.o
 .debug_info    0x0000c12c      0x35e ./Dave/Generated/CLOCK_XMC1/clock_xmc1_conf.o
 .debug_info    0x0000c48a     0x1846 ./Dave/Generated/DAVE.o
 .debug_info    0x0000dcd0      0xeae ./main.o

.debug_abbrev   0x00000000     0x2692
 *(.debug_abbrev)
 .debug_abbrev  0x00000000       0x12 ./Startup/startup_XMC1400.o
 .debug_abbrev  0x00000012      0x165 ./Startup/system_XMC1400.o
 .debug_abbrev  0x00000177      0x108 ./Libraries/XMCLib/src/xmc1_gpio.o
 .debug_abbrev  0x0000027f      0x2b2 ./Libraries/XMCLib/src/xmc1_scu.o
 .debug_abbrev  0x00000531      0x221 ./Libraries/XMCLib/src/xmc_ccu4.o
 .debug_abbrev  0x00000752      0x108 ./Libraries/XMCLib/src/xmc_gpio.o
 .debug_abbrev  0x0000085a      0x2a9 ./Libraries/XMCLib/src/xmc_math.o
 .debug_abbrev  0x00000b03      0x214 ./Libraries/XMCLib/src/xmc_uart.o
 .debug_abbrev  0x00000d17      0x23b ./Libraries/XMCLib/src/xmc_usic.o
 .debug_abbrev  0x00000f52       0xbd ./Libraries/Newlib/syscalls.o
 .debug_abbrev  0x0000100f      0x255 ./Dave/Generated/UART/uart.o
 .debug_abbrev  0x00001264      0x1e3 ./Dave/Generated/UART/uart_conf.o
 .debug_abbrev  0x00001447      0x241 ./Dave/Generated/TIMER/timer.o
 .debug_abbrev  0x00001688      0x170 ./Dave/Generated/TIMER/timer_conf.o
 .debug_abbrev  0x000017f8      0x1c6 ./Dave/Generated/INTERRUPT/interrupt.o
 .debug_abbrev  0x000019be       0xdc ./Dave/Generated/INTERRUPT/interrupt_conf.o
 .debug_abbrev  0x00001a9a      0x185 ./Dave/Generated/GLOBAL_CCU4/global_ccu4.o
 .debug_abbrev  0x00001c1f      0x104 ./Dave/Generated/GLOBAL_CCU4/global_ccu4_conf.o
 .debug_abbrev  0x00001d23      0x126 ./Dave/Generated/DIGITAL_IO/digital_io.o
 .debug_abbrev  0x00001e49       0xdb ./Dave/Generated/DIGITAL_IO/digital_io_conf.o
 .debug_abbrev  0x00001f24      0x119 ./Dave/Generated/CPU_CTRL_XMC1/cpu_ctrl_xmc1_conf.o
 .debug_abbrev  0x0000203d      0x10b ./Dave/Generated/CLOCK_XMC1/clock_xmc1.o
 .debug_abbrev  0x00002148      0x12b ./Dave/Generated/CLOCK_XMC1/clock_xmc1_conf.o
 .debug_abbrev  0x00002273      0x1c9 ./Dave/Generated/DAVE.o
 .debug_abbrev  0x0000243c      0x256 ./main.o

.debug_line     0x00000000     0x5bb6
 *(.debug_line)
 .debug_line    0x00000000       0xe2 ./Startup/startup_XMC1400.o
 .debug_line    0x000000e2      0x299 ./Startup/system_XMC1400.o
 .debug_line    0x0000037b      0x25b ./Libraries/XMCLib/src/xmc1_gpio.o
 .debug_line    0x000005d6      0x6b8 ./Libraries/XMCLib/src/xmc1_scu.o
 .debug_line    0x00000c8e      0x657 ./Libraries/XMCLib/src/xmc_ccu4.o
 .debug_line    0x000012e5      0x24e ./Libraries/XMCLib/src/xmc_gpio.o
 .debug_line    0x00001533      0x5c3 ./Libraries/XMCLib/src/xmc_math.o
 .debug_line    0x00001af6      0x3ff ./Libraries/XMCLib/src/xmc_uart.o
 .debug_line    0x00001ef5      0x575 ./Libraries/XMCLib/src/xmc_usic.o
 .debug_line    0x0000246a       0xd0 ./Libraries/Newlib/syscalls.o
 .debug_line    0x0000253a      0x52b ./Dave/Generated/UART/uart.o
 .debug_line    0x00002a65      0x345 ./Dave/Generated/UART/uart_conf.o
 .debug_line    0x00002daa      0x609 ./Dave/Generated/TIMER/timer.o
 .debug_line    0x000033b3      0x37b ./Dave/Generated/TIMER/timer_conf.o
 .debug_line    0x0000372e      0x3d4 ./Dave/Generated/INTERRUPT/interrupt.o
 .debug_line    0x00003b02      0x2db ./Dave/Generated/INTERRUPT/interrupt_conf.o
 .debug_line    0x00003ddd      0x3a6 ./Dave/Generated/GLOBAL_CCU4/global_ccu4.o
 .debug_line    0x00004183      0x2ef ./Dave/Generated/GLOBAL_CCU4/global_ccu4_conf.o
 .debug_line    0x00004472      0x2e1 ./Dave/Generated/DIGITAL_IO/digital_io.o
 .debug_line    0x00004753      0x242 ./Dave/Generated/DIGITAL_IO/digital_io_conf.o
 .debug_line    0x00004995      0x268 ./Dave/Generated/CPU_CTRL_XMC1/cpu_ctrl_xmc1_conf.o
 .debug_line    0x00004bfd      0x30f ./Dave/Generated/CLOCK_XMC1/clock_xmc1.o
 .debug_line    0x00004f0c      0x2e6 ./Dave/Generated/CLOCK_XMC1/clock_xmc1_conf.o
 .debug_line    0x000051f2      0x492 ./Dave/Generated/DAVE.o
 .debug_line    0x00005684      0x532 ./main.o

.debug_frame    0x00000000     0x1c74
 *(.debug_frame)
 .debug_frame   0x00000000       0x9c ./Startup/system_XMC1400.o
 .debug_frame   0x0000009c       0x58 ./Libraries/XMCLib/src/xmc1_gpio.o
 .debug_frame   0x000000f4      0x53c ./Libraries/XMCLib/src/xmc1_scu.o
 .debug_frame   0x00000630      0x458 ./Libraries/XMCLib/src/xmc_ccu4.o
 .debug_frame   0x00000a88       0x54 ./Libraries/XMCLib/src/xmc_gpio.o
 .debug_frame   0x00000adc      0x380 ./Libraries/XMCLib/src/xmc_math.o
 .debug_frame   0x00000e5c      0x194 ./Libraries/XMCLib/src/xmc_uart.o
 .debug_frame   0x00000ff0      0x29c ./Libraries/XMCLib/src/xmc_usic.o
 .debug_frame   0x0000128c       0x4c ./Libraries/Newlib/syscalls.o
 .debug_frame   0x000012d8      0x224 ./Dave/Generated/UART/uart.o
 .debug_frame   0x000014fc       0x90 ./Dave/Generated/UART/uart_conf.o
 .debug_frame   0x0000158c      0x330 ./Dave/Generated/TIMER/timer.o
 .debug_frame   0x000018bc       0xb8 ./Dave/Generated/INTERRUPT/interrupt.o
 .debug_frame   0x00001974       0x70 ./Dave/Generated/GLOBAL_CCU4/global_ccu4.o
 .debug_frame   0x000019e4       0x50 ./Dave/Generated/DIGITAL_IO/digital_io.o
 .debug_frame   0x00001a34       0x2c ./Dave/Generated/CPU_CTRL_XMC1/cpu_ctrl_xmc1_conf.o
 .debug_frame   0x00001a60       0x70 ./Dave/Generated/CLOCK_XMC1/clock_xmc1.o
 .debug_frame   0x00001ad0       0x34 ./Dave/Generated/CLOCK_XMC1/clock_xmc1_conf.o
 .debug_frame   0x00001b04       0x34 ./Dave/Generated/DAVE.o
 .debug_frame   0x00001b38      0x110 ./main.o
 .debug_frame   0x00001c48       0x2c c:/infineon/tools/dave ide/4.5.0.202105191637/eclipse/arm-gcc-49/bin/../lib/gcc/arm-none-eabi/4.9.3/../../../../arm-none-eabi/lib/armv6-m\libg_nano.a(lib_a-init.o)

.debug_str      0x00000000     0x744c
 *(.debug_str)
 .debug_str     0x00000000      0x407 ./Startup/system_XMC1400.o
                                0x44d (size before relaxing)
 .debug_str     0x00000407      0x696 ./Libraries/XMCLib/src/xmc1_gpio.o
                                0x914 (size before relaxing)
 .debug_str     0x00000a9d     0x1fd0 ./Libraries/XMCLib/src/xmc1_scu.o
                               0x2417 (size before relaxing)
 .debug_str     0x00002a6d     0x14f7 ./Libraries/XMCLib/src/xmc_ccu4.o
                               0x19dd (size before relaxing)
 .debug_str     0x00003f64       0xca ./Libraries/XMCLib/src/xmc_gpio.o
                                0x862 (size before relaxing)
 .debug_str     0x0000402e      0x701 ./Libraries/XMCLib/src/xmc_math.o
                                0x9b8 (size before relaxing)
 .debug_str     0x0000472f      0x8cd ./Libraries/XMCLib/src/xmc_uart.o
                                0xb92 (size before relaxing)
 .debug_str     0x00004ffc      0xb11 ./Libraries/XMCLib/src/xmc_usic.o
                               0x117f (size before relaxing)
 .debug_str     0x00005b0d       0x6f ./Libraries/Newlib/syscalls.o
                                0x21b (size before relaxing)
 .debug_str     0x00005b7c      0x7b7 ./Dave/Generated/UART/uart.o
                               0x19ad (size before relaxing)
 .debug_str     0x00006333       0xcd ./Dave/Generated/UART/uart_conf.o
                               0x12ec (size before relaxing)
 .debug_str     0x00006400      0x511 ./Dave/Generated/TIMER/timer.o
                                0xc51 (size before relaxing)
 .debug_str     0x00006911      0x29a ./Dave/Generated/TIMER/timer_conf.o
                                0xb96 (size before relaxing)
 .debug_str     0x00006bab      0x2e8 ./Dave/Generated/INTERRUPT/interrupt.o
                               0x179a (size before relaxing)
 .debug_str     0x00006e93       0x39 ./Dave/Generated/INTERRUPT/interrupt_conf.o
                               0x162c (size before relaxing)
 .debug_str     0x00006ecc       0xb5 ./Dave/Generated/GLOBAL_CCU4/global_ccu4.o
                                0x58a (size before relaxing)
 .debug_str     0x00006f81       0x31 ./Dave/Generated/GLOBAL_CCU4/global_ccu4_conf.o
                                0x49e (size before relaxing)
 .debug_str     0x00006fb2       0xdf ./Dave/Generated/DIGITAL_IO/digital_io.o
                                0xa4e (size before relaxing)
 .debug_str     0x00007091       0x97 ./Dave/Generated/DIGITAL_IO/digital_io_conf.o
                                0x9f7 (size before relaxing)
 .debug_str     0x00007128       0x63 ./Dave/Generated/CPU_CTRL_XMC1/cpu_ctrl_xmc1_conf.o
                                0x34f (size before relaxing)
 .debug_str     0x0000718b      0x144 ./Dave/Generated/CLOCK_XMC1/clock_xmc1.o
                                0x3f3 (size before relaxing)
 .debug_str     0x000072cf       0x50 ./Dave/Generated/CLOCK_XMC1/clock_xmc1_conf.o
                                0x62b (size before relaxing)
 .debug_str     0x0000731f       0x65 ./Dave/Generated/DAVE.o
                               0x299b (size before relaxing)
 .debug_str     0x00007384       0xc8 ./main.o
                               0x12af (size before relaxing)

.debug_loc      0x00000000     0x2dbe
 *(.debug_loc)
 .debug_loc     0x00000000       0xdc ./Startup/system_XMC1400.o
 .debug_loc     0x000000dc       0x70 ./Libraries/XMCLib/src/xmc1_gpio.o
 .debug_loc     0x0000014c      0x876 ./Libraries/XMCLib/src/xmc1_scu.o
 .debug_loc     0x000009c2      0x770 ./Libraries/XMCLib/src/xmc_ccu4.o
 .debug_loc     0x00001132       0x70 ./Libraries/XMCLib/src/xmc_gpio.o
 .debug_loc     0x000011a2      0x5ec ./Libraries/XMCLib/src/xmc_math.o
 .debug_loc     0x0000178e      0x2a0 ./Libraries/XMCLib/src/xmc_uart.o
 .debug_loc     0x00001a2e      0x462 ./Libraries/XMCLib/src/xmc_usic.o
 .debug_loc     0x00001e90       0x64 ./Libraries/Newlib/syscalls.o
 .debug_loc     0x00001ef4      0x380 ./Dave/Generated/UART/uart.o
 .debug_loc     0x00002274       0xe0 ./Dave/Generated/UART/uart_conf.o
 .debug_loc     0x00002354      0x542 ./Dave/Generated/TIMER/timer.o
 .debug_loc     0x00002896      0x118 ./Dave/Generated/INTERRUPT/interrupt.o
 .debug_loc     0x000029ae       0xa8 ./Dave/Generated/GLOBAL_CCU4/global_ccu4.o
 .debug_loc     0x00002a56       0x70 ./Dave/Generated/DIGITAL_IO/digital_io.o
 .debug_loc     0x00002ac6       0x2c ./Dave/Generated/CPU_CTRL_XMC1/cpu_ctrl_xmc1_conf.o
 .debug_loc     0x00002af2       0xa8 ./Dave/Generated/CLOCK_XMC1/clock_xmc1.o
 .debug_loc     0x00002b9a       0x38 ./Dave/Generated/CLOCK_XMC1/clock_xmc1_conf.o
 .debug_loc     0x00002bd2       0x38 ./Dave/Generated/DAVE.o
 .debug_loc     0x00002c0a      0x1b4 ./main.o

.debug_macinfo
 *(.debug_macinfo)

.debug_ranges   0x00000000      0x768
 *(.debug_ranges)
 .debug_ranges  0x00000000       0x20 ./Startup/startup_XMC1400.o
 .debug_ranges  0x00000020       0x30 ./Startup/system_XMC1400.o
 .debug_ranges  0x00000050       0x18 ./Libraries/XMCLib/src/xmc1_gpio.o
 .debug_ranges  0x00000068      0x150 ./Libraries/XMCLib/src/xmc1_scu.o
 .debug_ranges  0x000001b8      0x118 ./Libraries/XMCLib/src/xmc_ccu4.o
 .debug_ranges  0x000002d0       0x18 ./Libraries/XMCLib/src/xmc_gpio.o
 .debug_ranges  0x000002e8       0xe0 ./Libraries/XMCLib/src/xmc_math.o
 .debug_ranges  0x000003c8       0x68 ./Libraries/XMCLib/src/xmc_uart.o
 .debug_ranges  0x00000430       0xa8 ./Libraries/XMCLib/src/xmc_usic.o
 .debug_ranges  0x000004d8       0x18 ./Libraries/Newlib/syscalls.o
 .debug_ranges  0x000004f0       0x88 ./Dave/Generated/UART/uart.o
 .debug_ranges  0x00000578       0x28 ./Dave/Generated/UART/uart_conf.o
 .debug_ranges  0x000005a0       0xc8 ./Dave/Generated/TIMER/timer.o
 .debug_ranges  0x00000668       0x30 ./Dave/Generated/INTERRUPT/interrupt.o
 .debug_ranges  0x00000698       0x20 ./Dave/Generated/GLOBAL_CCU4/global_ccu4.o
 .debug_ranges  0x000006b8       0x18 ./Dave/Generated/DIGITAL_IO/digital_io.o
 .debug_ranges  0x000006d0       0x10 ./Dave/Generated/CPU_CTRL_XMC1/cpu_ctrl_xmc1_conf.o
 .debug_ranges  0x000006e0       0x20 ./Dave/Generated/CLOCK_XMC1/clock_xmc1.o
 .debug_ranges  0x00000700       0x10 ./Dave/Generated/CLOCK_XMC1/clock_xmc1_conf.o
 .debug_ranges  0x00000710       0x10 ./Dave/Generated/DAVE.o
 .debug_ranges  0x00000720       0x48 ./main.o

.debug_weaknames
 *(.debug_weaknames)

.debug_funcnames
 *(.debug_funcnames)

.debug_typenames
 *(.debug_typenames)

.debug_varnames
 *(.debug_varnames)

.build_attributes
                0x00000000      0x4e5
 *(.ARM.attributes)
 .ARM.attributes
                0x00000000       0x21 ./Startup/startup_XMC1400.o
 .ARM.attributes
                0x00000021       0x31 ./Startup/system_XMC1400.o
 .ARM.attributes
                0x00000052       0x31 ./Libraries/XMCLib/src/xmc1_gpio.o
 .ARM.attributes
                0x00000083       0x31 ./Libraries/XMCLib/src/xmc1_scu.o
 .ARM.attributes
                0x000000b4       0x31 ./Libraries/XMCLib/src/xmc_ccu4.o
 .ARM.attributes
                0x000000e5       0x31 ./Libraries/XMCLib/src/xmc_gpio.o
 .ARM.attributes
                0x00000116       0x31 ./Libraries/XMCLib/src/xmc_math.o
 .ARM.attributes
                0x00000147       0x31 ./Libraries/XMCLib/src/xmc_uart.o
 .ARM.attributes
                0x00000178       0x31 ./Libraries/XMCLib/src/xmc_usic.o
 .ARM.attributes
                0x000001a9       0x31 ./Libraries/Newlib/syscalls.o
 .ARM.attributes
                0x000001da       0x31 ./Dave/Generated/UART/uart.o
 .ARM.attributes
                0x0000020b       0x31 ./Dave/Generated/UART/uart_conf.o
 .ARM.attributes
                0x0000023c       0x31 ./Dave/Generated/TIMER/timer.o
 .ARM.attributes
                0x0000026d       0x31 ./Dave/Generated/TIMER/timer_conf.o
 .ARM.attributes
                0x0000029e       0x31 ./Dave/Generated/INTERRUPT/interrupt.o
 .ARM.attributes
                0x000002cf       0x31 ./Dave/Generated/INTERRUPT/interrupt_conf.o
 .ARM.attributes
                0x00000300       0x31 ./Dave/Generated/GLOBAL_CCU4/global_ccu4.o
 .ARM.attributes
                0x00000331       0x31 ./Dave/Generated/GLOBAL_CCU4/global_ccu4_conf.o
 .ARM.attributes
                0x00000362       0x31 ./Dave/Generated/DIGITAL_IO/digital_io.o
 .ARM.attributes
                0x00000393       0x31 ./Dave/Generated/DIGITAL_IO/digital_io_conf.o
 .ARM.attributes
                0x000003c4       0x31 ./Dave/Generated/CPU_CTRL_XMC1/cpu_ctrl_xmc1_conf.o
 .ARM.attributes
                0x000003f5       0x31 ./Dave/Generated/CLOCK_XMC1/clock_xmc1.o
 .ARM.attributes
                0x00000426       0x31 ./Dave/Generated/CLOCK_XMC1/clock_xmc1_conf.o
 .ARM.attributes
                0x00000457       0x31 ./Dave/Generated/DAVE.o
 .ARM.attributes
                0x00000488       0x31 ./main.o
 .ARM.attributes
                0x000004b9       0x2c c:/infineon/tools/dave ide/4.5.0.202105191637/eclipse/arm-gcc-49/bin/../lib/gcc/arm-none-eabi/4.9.3/../../../../arm-none-eabi/lib/armv6-m\libg_nano.a(lib_a-init.o)
OUTPUT(button_control_led (UART).elf elf32-littlearm)
